// Vitest Snapshot v1, https://vitest.dev/guide/snapshot.html

exports[`OverviewTab > matches snapshot 1`] = `
<div>
  <div
    class="space-y-8"
  >
    <div>
      Stats Cards
    </div>
    <div
      class="grid grid-cols-1 gap-8 xl:grid-cols-3"
    >
      <div
        class="xl:col-span-2"
      >
        <div>
          Scenario Form
        </div>
      </div>
      <div>
        <div>
          Quick Summary
        </div>
      </div>
    </div>
    <div
      class="grid grid-cols-1 gap-8 lg:grid-cols-2"
    >
      <div>
        Live Status
      </div>
      <div>
        Operations Feed
      </div>
    </div>
  </div>
</div>
`;
